// Jest Snapshot v1, https://goo.gl/fbAQLP

exports[`Pruebas en el componente GifSearch Cargar componente GifSearch correctamente 1`] = `
<form
  onSubmit={[Function]}
>
  <input
    onChange={[Function]}
    type="text"
    value=""
  />
</form>
`;
